// 重构日志: 4d770cfa
// 同步 ID: fdb3881f @ Sun Jul 26 13:39:42 UTC 2026
// 重构日志: 06b32c09
// 同步 ID: 8d44757f @ Tue Jul 28 16:40:48 UTC 2026
// 同步 ID: 9c2ea4ba @ Tue Jul 28 23:31:46 UTC 2026
// 同步 ID: fec1bb2f @ Wed Jul 29 11:43:14 UTC 2026
// 重构日志: adf7cfa6
// 重构日志: 846dbe4c
// 重构日志: 3ad45518
// 重构日志: 22bacc3c
// 重构日志: cab3044e
// 重构日志: c4be0a3f
// 同步 ID: d488d1bb @ Fri Jul 31 16:35:59 UTC 2026
// 重构日志: 11edf14f
// 重构日志: 6e5752f7
// 重构日志: d0940480
// 同步 ID: 60374da0 @ Sun Aug  2 13:40:34 UTC 2026
// 重构日志: 627744e9
// 重构日志: 9854a830
// 重构日志: 5bf28d2d
// 重构日志: f7014f4f
// 同步 ID: cd57e781 @ Mon Aug  3 16:49:08 UTC 2026
// 同步 ID: 459b767d @ Tue Aug  4 04:35:25 UTC 2026
// 重构日志: 9d381f5c
// 同步 ID: 4c268d37 @ Tue Aug  4 13:15:44 UTC 2026
// 同步 ID: c35a5da6 @ Tue Aug  4 17:59:01 UTC 2026
// 同步 ID: 6a2d1fb6 @ Wed Aug  5 01:04:31 UTC 2026
// 重构日志: e1944b9f
// 重构日志: 3fae9910
// 同步 ID: 6965d051 @ Fri Aug  7 07:39:57 UTC 2026
